// Jest Snapshot v1, https://goo.gl/fbAQLP

exports[`EpFooter Renders 1`] = `
<div class="container">
  <footer>
    <div class="horizontal-line"><routerlink-stub to="[object Object]"><img src="" alt="eperusteet"></routerlink-stub></div>
    <div class="footer-row">
      <div class="footer-content">
        footer-eperusteet-palvelu
      </div>
      <div class="footer-links">
        <div class="d-flex">
          <epmaterialicon>chevron_right</epmaterialicon> <span>palaute:</span>
          <div class="linkki ml-1"><a href="mailto:eperusteet@opintopolku.fi" rel="noopener noreferrer" target="_blank"><!----> <span>eperusteet@opintopolku.fi</span></a></div>
        </div>
        <div class="d-flex">
          <epmaterialicon>chevron_right</epmaterialicon>
          <div class="linkki"><a href="https://opintopolku.fi/konfo/fi/sivu/eperusteet-saavutettavuusseloste" rel="noopener noreferrer" target="_blank"><!----> saavutettavuusseloste</a></div>
        </div>
        <div class="d-flex">
          <epmaterialicon>chevron_right</epmaterialicon>
          <div class="linkki"><a href="http://virkailija.opintopolku.fi" rel="noopener noreferrer" target="_blank"><!----> siirry-virkailijanakymaan</a></div>
          <epmaterialicon size="20px" class="ml-1">launch</epmaterialicon>
        </div>
      </div>
    </div>
    <div class="horizontal-line"><a href="https://www.oph.fi/fi"><img src="" alt="oph" class="logo"></a></div>
    <div class="footer-row">
      <div class="footer-oph">
        footer-oph
      </div>
    </div>
  </footer>
</div>
`;
